// Jest Snapshot v1, https://goo.gl/fbAQLP

exports[`renders <App /> should pass shallow snapshot test 1`] = `ShallowWrapper {}`;
